$ mcpdial --json prompts web --long
exit 0
--- stdout
{
  "prompts": [
    {
      "arguments": [
        {
          "description": "What to summarize",
          "name": "text",
          "required": true
        },
        {
          "description": "terse or thorough",
          "name": "style"
        }
      ],
      "description": "Summarize a document.",
      "name": "summarize"
    },
    {
      "description": "Greet someone.",
      "name": "greet"
    }
  ]
}
--- stderr
