$ mcpdial --json resources web
exit 0
--- stdout
{
  "resourceTemplates": [
    {
      "description": "One note, by name.",
      "name": "note",
      "uriTemplate": "file:///notes/{name}.md"
    }
  ],
  "resources": [
    {
      "description": "The project readme.",
      "name": "readme",
      "uri": "file:///readme.md"
    },
    {
      "description": "A tiny picture.",
      "name": "logo",
      "uri": "file:///logo.png"
    }
  ]
}
--- stderr
