$ mcpdial shell web
exit 1
--- stdout
2 tool(s):
  echo                         Echo a message back.
  add                          Add two numbers.
The sum of 1 and 2 is 3.
The sum of 0 and 0 is 0.
2 resource(s):
  file:///readme.md                            The project readme.
  file:///logo.png                             A tiny picture.

1 template(s):
  file:///notes/{name}.md                      One note, by name.
2 prompt(s):
  summarize                    Summarize a document.
  greet                        Greet someone.
user: Hello.
# fake-mcp
A readme.
{
  "capabilities": {
    "prompts": {},
    "resources": {},
    "tools": {}
  },
  "protocolVersion": "2025-06-18",
  "serverInfo": {
    "name": "fake-mcp",
    "version": "1.0"
  }
}
{
  "annotations": {
    "idempotentHint": true
  },
  "description": "Add two numbers.",
  "inputSchema": {
    "properties": {
      "a": {
        "type": "number"
      },
      "b": {
        "type": "number"
      }
    },
    "required": [
      "a",
      "b"
    ],
    "type": "object"
  },
  "name": "add",
  "outputSchema": {
    "properties": {
      "sum": {
        "type": "number"
      }
    },
    "required": [
      "sum"
    ],
    "type": "object"
  }
}
{
  "nextCursor": "page-2",
  "tools": [
    {
      "description": "Echo a message back.\nSecond line.",
      "inputSchema": {
        "properties": {
          "message": {
            "description": "What to echo",
            "type": "string"
          }
        },
        "required": [
          "message"
        ],
        "type": "object"
      },
      "name": "echo"
    }
  ]
}
--- stderr
error: unknown command "nope"
commands: tools, schema TOOL, call TOOL {"arg": "value"}, resources, read URI, prompts, prompt NAME, raw METHOD, info, help, quit
error: MCP error -32602: Tool nope not found
`tools` lists all 2 tools on this server.
commands (one per line; # starts a comment):
  tools [--long]             every tool this server offers
  schema TOOL                one tool's full JSON input schema
  help [TOOL]                this list, or one tool's parameters
  call TOOL {"arg": "value"} call a tool; arguments are one JSON object, default {}
  resources [--long]         every resource, then every URI template
  read URI                   one resource's contents
  prompts [--long]           every prompt this server offers
  prompt NAME {"arg": "..."} expand a prompt into its messages
  raw METHOD {"json": ...}   send any JSON-RPC method; allow and deny lists do not apply
  info                       the initialize result
  quit                       close the session

At a terminal: Up and Down walk the history, Tab completes commands, tool and
prompt names and resource URIs, and ^C abandons the line being typed.
usage: call add {"a": <number>, "b": <number>}
  a: number (required)
  b: number (required)
error: add is a tool, not a command
usage: call add {"a": <number>, "b": <number>}
  a: number (required)
  b: number (required)
