$ mcpdial --json tools
exit 0
--- stdout
[
  {
    "name": "cat",
    "kind": "http",
    "location": "http://127.0.0.1:PORT/mcp",
    "status": {
      "state": "connected"
    },
    "auth": "none",
    "server": "fake-mcp 1.0",
    "tools": [
      {
        "description": "Echo a message back.\nSecond line.",
        "inputSchema": {
          "properties": {
            "message": {
              "description": "What to echo",
              "type": "string"
            }
          },
          "required": [
            "message"
          ],
          "type": "object"
        },
        "name": "echo"
      },
      {
        "annotations": {
          "idempotentHint": true
        },
        "description": "Add two numbers.",
        "inputSchema": {
          "properties": {
            "a": {
              "type": "number"
            },
            "b": {
              "type": "number"
            }
          },
          "required": [
            "a",
            "b"
          ],
          "type": "object"
        },
        "name": "add",
        "outputSchema": {
          "properties": {
            "sum": {
              "type": "number"
            }
          },
          "required": [
            "sum"
          ],
          "type": "object"
        }
      }
    ]
  },
  {
    "name": "echo",
    "kind": "stdio",
    "location": "ECHO_SERVER",
    "status": {
      "state": "connected"
    },
    "auth": "none",
    "server": "echo-server 0.0.1",
    "tools": [
      {
        "description": "Echo a message back.",
        "inputSchema": {
          "properties": {
            "message": {
              "type": "string"
            }
          },
          "required": [
            "message"
          ],
          "type": "object"
        },
        "name": "echo"
      },
      {
        "description": "Always returns a tool error.",
        "inputSchema": {
          "properties": {},
          "type": "object"
        },
        "name": "fail"
      },
      {
        "description": "How many times this process has been asked.",
        "inputSchema": {
          "properties": {},
          "type": "object"
        },
        "name": "count"
      },
      {
        "description": "Rejects bad arguments in a failed result.",
        "inputSchema": {
          "properties": {
            "pageId": {
              "type": "number"
            }
          },
          "required": [
            "pageId"
          ],
          "type": "object"
        },
        "name": "strict"
      },
      {
        "description": "A text block, then a 4 KB image block.",
        "inputSchema": {
          "properties": {},
          "type": "object"
        },
        "name": "shot"
      }
    ]
  },
  {
    "name": "fs",
    "kind": "stdio",
    "location": "ECHO_SERVER",
    "status": {
      "state": "connected"
    },
    "auth": "none",
    "server": "echo-server 0.0.1",
    "tools": [
      {
        "description": "Echo a message back.",
        "inputSchema": {
          "properties": {
            "message": {
              "type": "string"
            }
          },
          "required": [
            "message"
          ],
          "type": "object"
        },
        "name": "echo"
      },
      {
        "description": "How many times this process has been asked.",
        "inputSchema": {
          "properties": {},
          "type": "object"
        },
        "name": "count"
      },
      {
        "description": "A text block, then a 4 KB image block.",
        "inputSchema": {
          "properties": {},
          "type": "object"
        },
        "name": "shot"
      }
    ]
  },
  {
    "name": "imported",
    "kind": "http",
    "location": "http://127.0.0.1:PORT/mcp",
    "status": {
      "state": "connected"
    },
    "auth": "none",
    "server": "fake-mcp 1.0",
    "tools": [
      {
        "description": "Echo a message back.\nSecond line.",
        "inputSchema": {
          "properties": {
            "message": {
              "description": "What to echo",
              "type": "string"
            }
          },
          "required": [
            "message"
          ],
          "type": "object"
        },
        "name": "echo"
      },
      {
        "annotations": {
          "idempotentHint": true
        },
        "description": "Add two numbers.",
        "inputSchema": {
          "properties": {
            "a": {
              "type": "number"
            },
            "b": {
              "type": "number"
            }
          },
          "required": [
            "a",
            "b"
          ],
          "type": "object"
        },
        "name": "add",
        "outputSchema": {
          "properties": {
            "sum": {
              "type": "number"
            }
          },
          "required": [
            "sum"
          ],
          "type": "object"
        }
      }
    ]
  },
  {
    "name": "local",
    "kind": "stdio",
    "location": "ECHO_SERVER --flag",
    "status": {
      "state": "connected"
    },
    "auth": "none",
    "server": "echo-server 0.0.1",
    "tools": [
      {
        "description": "Echo a message back.",
        "inputSchema": {
          "properties": {
            "message": {
              "type": "string"
            }
          },
          "required": [
            "message"
          ],
          "type": "object"
        },
        "name": "echo"
      },
      {
        "description": "Always returns a tool error.",
        "inputSchema": {
          "properties": {},
          "type": "object"
        },
        "name": "fail"
      },
      {
        "description": "How many times this process has been asked.",
        "inputSchema": {
          "properties": {},
          "type": "object"
        },
        "name": "count"
      },
      {
        "description": "Rejects bad arguments in a failed result.",
        "inputSchema": {
          "properties": {
            "pageId": {
              "type": "number"
            }
          },
          "required": [
            "pageId"
          ],
          "type": "object"
        },
        "name": "strict"
      },
      {
        "description": "A text block, then a 4 KB image block.",
        "inputSchema": {
          "properties": {},
          "type": "object"
        },
        "name": "shot"
      }
    ]
  },
  {
    "name": "slow",
    "kind": "http",
    "location": "http://127.0.0.1:PORT/mcp",
    "status": {
      "state": "connected"
    },
    "auth": "none",
    "server": "fake-mcp 1.0",
    "tools": [
      {
        "description": "Echo a message back.\nSecond line.",
        "inputSchema": {
          "properties": {
            "message": {
              "description": "What to echo",
              "type": "string"
            }
          },
          "required": [
            "message"
          ],
          "type": "object"
        },
        "name": "echo"
      },
      {
        "annotations": {
          "idempotentHint": true
        },
        "description": "Add two numbers.",
        "inputSchema": {
          "properties": {
            "a": {
              "type": "number"
            },
            "b": {
              "type": "number"
            }
          },
          "required": [
            "a",
            "b"
          ],
          "type": "object"
        },
        "name": "add",
        "outputSchema": {
          "properties": {
            "sum": {
              "type": "number"
            }
          },
          "required": [
            "sum"
          ],
          "type": "object"
        }
      }
    ]
  },
  {
    "name": "web",
    "kind": "http",
    "location": "http://127.0.0.1:PORT/mcp",
    "status": {
      "state": "connected"
    },
    "auth": "none",
    "server": "fake-mcp 1.0",
    "tools": [
      {
        "description": "Echo a message back.\nSecond line.",
        "inputSchema": {
          "properties": {
            "message": {
              "description": "What to echo",
              "type": "string"
            }
          },
          "required": [
            "message"
          ],
          "type": "object"
        },
        "name": "echo"
      },
      {
        "annotations": {
          "idempotentHint": true
        },
        "description": "Add two numbers.",
        "inputSchema": {
          "properties": {
            "a": {
              "type": "number"
            },
            "b": {
              "type": "number"
            }
          },
          "required": [
            "a",
            "b"
          ],
          "type": "object"
        },
        "name": "add",
        "outputSchema": {
          "properties": {
            "sum": {
              "type": "number"
            }
          },
          "required": [
            "sum"
          ],
          "type": "object"
        }
      }
    ]
  }
]
--- stderr
