$ mcpdial --json tools fs --all
exit 0
--- stdout
{
  "tools": [
    {
      "description": "Echo a message back.",
      "name": "echo"
    },
    {
      "denied": true,
      "description": "Always returns a tool error.",
      "name": "fail"
    },
    {
      "description": "How many times this process has been asked.",
      "name": "count"
    },
    {
      "denied": true,
      "description": "Rejects bad arguments in a failed result.",
      "name": "strict"
    },
    {
      "description": "A text block, then a 4 KB image block.",
      "name": "shot"
    }
  ]
}
--- stderr
